etï¿½ets Jul 29 2019 12:21:46

rst:0x1 (POWERON_RESET),boot:0x13 (SPI_FAST_FLASH_BOOT)
configsip: 0, SPIWP:0xee
clk_drv:0x00,q_drv:0x00,d_drv:0x00,cs0_drv:0x00,hd_drv:0x00,wp_drv:0x00
mode:DIO, clock div:2
load:0x3fff0030,len:7176
load:0x40078000,len:15564
ho 0 tail 12 room 4
load:0x40080400,len:4
load:0x40080404,len:3904
entry 0x40080640
[0;32mI (31) boot: ESP-IDF v5.3.2-dirty 2nd stage bootloader[0m
[0;32mI (31) boot: compile time May 15 2025 23:48:23[0m
[0;32mI (31) boot: Multicore bootloader[0m
[0;32mI (36) boot: chip revision: v3.1[0m
[0;32mI (40) boot.esp32: SPI Speed      : 40MHz[0m
[0;32mI (44) boot.esp32: SPI Mode       : DIO[0m
[0;32mI (49) boot.esp32: SPI Flash Size : 2MB[0m
[0;32mI (53) boot: Enabling RNG early entropy source...[0m
[0;32mI (59) boot: Partition Table:[0m
[0;32mI (62) boot: ## Label            Usage          Type ST Offset   Length[0m
[0;32mI (70) boot:  0 nvs              WiFi data        01 02 00009000 00005000[0m
[0;32mI (77) boot:  1 otadata          OTA data         01 00 0000e000 00002000[0m
[0;32mI (85) boot:  2 factory          factory app      00 00 00010000 00180000[0m
[0;32mI (92) boot:  3 storage          Unknown data     01 82 00190000 00060000[0m
[0;32mI (100) boot: End of partition table[0m
[0;32mI (104) boot: Defaulting to factory image[0m
[0;32mI (109) esp_image: segment 0: paddr=00010020 vaddr=3f400020 size=3864ch (230988) map[0m
[0;32mI (196) esp_image: segment 1: paddr=00048674 vaddr=3ffbdb60 size=05d94h ( 23956) load[0m
[0;32mI (205) esp_image: segment 2: paddr=0004e410 vaddr=40080000 size=01c08h (  7176) load[0m
[0;32mI (208) esp_image: segment 3: paddr=00050020 vaddr=400d0020 size=fa068h (1024104) map[0m
[0;32mI (564) esp_image: segment 4: paddr=0014a090 vaddr=40081c08 size=1ccfch (118012) load[0m
[0;32mI (626) boot: Loaded app from partition at offset 0x10000[0m
[0;32mI (626) boot: Disabling RNG early entropy source...[0m
[0;32mI (638) cpu_start: Multicore app[0m
[0;32mI (647) cpu_start: Pro cpu start user code[0m
[0;32mI (647) cpu_start: cpu freq: 160000000 Hz[0m
[0;32mI (647) app_init: Application information:[0m
[0;32mI (650) app_init: Project name:     gatt_server_demos[0m
[0;32mI (655) app_init: App version:      v5.3.2-dirty[0m
[0;32mI (661) app_init: Compile time:     May 15 2025 23:48:12[0m
[0;32mI (667) app_init: ELF file SHA256:  690180497...[0m
[0;32mI (672) app_init: ESP-IDF:          v5.3.2-dirty[0m
[0;32mI (677) efuse_init: Min chip rev:     v0.0[0m
[0;32mI (682) efuse_init: Max chip rev:     v3.99 [0m
[0;32mI (687) efuse_init: Chip rev:         v3.1[0m
[0;32mI (692) heap_init: Initializing. RAM available for dynamic allocation:[0m
[0;32mI (699) heap_init: At 3FFAFF10 len 000000F0 (0 KiB): DRAM[0m
[0;32mI (705) heap_init: At 3FFB6388 len 00001C78 (7 KiB): DRAM[0m
[0;32mI (711) heap_init: At 3FFB9A20 len 00004108 (16 KiB): DRAM[0m
[0;32mI (717) heap_init: At 3FFCC0E0 len 00013F20 (79 KiB): DRAM[0m
[0;32mI (723) heap_init: At 3FFE0440 len 00003AE0 (14 KiB): D/IRAM[0m
[0;32mI (730) heap_init: At 3FFE4350 len 0001BCB0 (111 KiB): D/IRAM[0m
[0;32mI (736) heap_init: At 4009E904 len 000016FC (5 KiB): IRAM[0m
[0;32mI (744) spi_flash: detected chip: generic[0m
[0;32mI (747) spi_flash: flash io: dio[0m
[0;33mW (751) spi_flash: Detected size(4096k) larger than the size in the binary image header(2048k). Using the size in the binary image header.[0m
[0;32mI (765) coexist: coex firmware version: cbb41d7[0m
[0;32mI (770) main_task: Started on CPU0[0m
[0;32mI (780) main_task: Calling app_main()[0m
[0;32mI (800) BTDM_INIT: BT controller compile version [faadb75][0m
[0;32mI (810) BTDM_INIT: Bluetooth MAC: 08:d1:f9:27:d9:b6[0m
[0;32mI (810) phy_init: phy_version 4840,02e0d70,Sep  2 2024,19:39:07[0m
[0;32mI (1220) GATTS_DEMO: GATT server register, status 0, app_id 0, gatts_if 3[0m
[0;32mI (1220) main_task: Returned from app_main()[0m
[0;32mI (1230) GATTS_DEMO: Service create, status 0, service_handle 40[0m
[0;32mI (1230) GATTS_DEMO: GATT server register, status 0, app_id 1, gatts_if 4[0m
[0;32mI (1240) GATTS_DEMO: GATT server register, status 0, app_id 2, gatts_if 5[0m
[0;32mI (1260) GATTS_DEMO: Advertising start successfully[0m
[0;32mI (1260) GATTS_DEMO: Service start, status 0, service_handle 40[0m
[0;32mI (1260) GATTS_DEMO: Characteristic add, status 0, attr_handle 42, service_handle 40[0m
[0;32mI (1270) GATTS_DEMO: the gatts demo char length = 3[0m
[0;32mI (1280) GATTS_DEMO: prf_char[0] =11[0m
[0;32mI (1280) GATTS_DEMO: prf_char[1] =22[0m
[0;32mI (1280) GATTS_DEMO: prf_char[2] =33[0m
[0;32mI (1290) GATTS_DEMO: Service create, status 0,  service_handle 44[0m
[0;32mI (1300) GATTS_DEMO: Service create, status 0,  service_handle 48[0m
[0;32mI (1300) GATTS_DEMO: Descriptor add, status 0, attr_handle 43, service_handle 40[0m
[0;32mI (1310) GATTS_DEMO: Service start, status 0, service_handle 44[0m
[0;32mI (1320) GATTS_DEMO: Characteristic add, status 0, attr_handle 46, service_handle 44[0m
[0;32mI (1320) GATTS_DEMO: Service start, status 0, service_handle 48[0m
[0;32mI (1330) GATTS_DEMO: Characteristic add, status 0, attr_handle 50, service_handle 48[0m
[0;32mI (1340) GATTS_DEMO: Descriptor add, status 0, attr_handle 47, service_handle 44[0m
[0;32mI (1350) GATTS_DEMO: Descriptor add, status 0, attr_handle 51, service_handle 48[0m
[0;32mI (5850) GATTS_DEMO: Connected, conn_id 0, remote 54:58:95:f9:ef:6d[0m
[0;32mI (5850) GATTS_DEMO: Connected, conn_id 0, remote 54:58:95:f9:ef:6d[0m
[0;32mI (5850) GATTS_DEMO: Connected, conn_id 0, remote 54:58:95:f9:ef:6d[0m
[0;32mI (5940) GATTS_DEMO: Packet length update, status 0, rx 27, tx 251[0m
[0;32mI (6480) GATTS_DEMO: Connection params update, status 0, conn_int 30, latency 0, timeout 400[0m
[0;32mI (6960) GATTS_DEMO: Connection params update, status 0, conn_int 6, latency 0, timeout 500[0m
[0;32mI (7410) GATTS_DEMO: MTU exchange, MTU 500[0m
[0;32mI (7420) GATTS_DEMO: MTU exchange, MTU 500[0m
[0;32mI (7420) GATTS_DEMO: MTU exchange, MTU 500[0m
[0;32mI (7490) GATTS_DEMO: Connection params update, status 0, conn_int 30, latency 0, timeout 400[0m
[0;32mI (7550) GATTS_DEMO: Packet length update, status 0, rx 251, tx 251[0m
[0;32mI (16850) GATTS_DEMO: Characteristic write, conn_id 0, trans_id 2, handle 42[0m
[0;32mI (16860) GATTS_DEMO: value len 6, value [0m
[0;32mI (16860) GATTS_DEMO: 54 61 6e 67 20 34 [0m
[0;32mI (16860) GATTS_DEMO: SSID nháº­n Ä‘Æ°á»£c: Tang 4[0m
[0;32mI (16930) GATTS_DEMO: Characteristic write, conn_id 0, trans_id 3, handle 46[0m
[0;32mI (16930) GATTS_DEMO: value len 16, value [0m
[0;32mI (16930) GATTS_DEMO: 6e 67 75 79 65 6e 74 68 69 63 68 69 30 31 30 39 [0m
[0;32mI (16940) GATTS_DEMO: PASSWORD nháº­n Ä‘Æ°á»£c: nguyenthichi0109[0m
[0;32mI (16950) GATTS_DEMO: ðŸ‘‰ Báº¯t Ä‘áº§u káº¿t ná»‘i Wi-Fi vá»›i SSID: Tang 4[0m
[0;32mI (16970) wifi:wifi driver task: 3ffd68f8, prio:23, stack:6656, core=0[0m
[0;32mI (16980) wifi:wifi firmware version: b0fd6006b[0m
[0;32mI (16980) wifi:wifi certification version: v7.0[0m
[0;32mI (16980) wifi:config NVS flash: enabled[0m
[0;32mI (16980) wifi:config nano formating: disabled[0m
[0;32mI (16990) wifi:Init data frame dynamic rx buffer num: 32[0m
[0;32mI (16990) wifi:Init static rx mgmt buffer num: 5[0m
[0;32mI (17000) wifi:Init management short buffer num: 32[0m
[0;32mI (17000) wifi:Init dynamic tx buffer num: 32[0m
[0;32mI (17000) wifi:Init static rx buffer size: 1600[0m
[0;32mI (17010) wifi:Init static rx buffer num: 10[0m
[0;32mI (17010) wifi:Init dynamic rx buffer num: 32[0m
[0;32mI (17020) wifi_init: rx ba win: 6[0m
[0;32mI (17020) wifi_init: accept mbox: 6[0m
[0;32mI (17020) wifi_init: tcpip mbox: 32[0m
[0;32mI (17030) wifi_init: udp mbox: 6[0m
[0;32mI (17030) wifi_init: tcp mbox: 6[0m
[0;32mI (17040) wifi_init: tcp tx win: 5760[0m
[0;32mI (17040) wifi_init: tcp rx win: 5760[0m
[0;32mI (17050) wifi_init: tcp mss: 1440[0m
[0;32mI (17050) wifi_init: WiFi IRAM OP enabled[0m
[0;32mI (17050) wifi_init: WiFi RX IRAM OP enabled[0m
[0;32mI (17070) wifi:mode : sta (08:d1:f9:27:d9:b4)[0m
[0;32mI (17070) wifi:enable tsf[0m
[0;32mI (17080) wifi:new:<7,2>, old:<1,0>, ap:<255,255>, sta:<7,2>, prof:1, snd_ch_cfg:0x0[0m
[0;32mI (17080) wifi:state: init -> auth (0xb0)[0m
[0;32mI (17090) wifi:state: auth -> assoc (0x0)[0m
[0;32mI (17100) wifi:state: assoc -> run (0x10)[0m
[0;32mI (17120) wifi:connected with Tang 4, aid = 3, channel 7, 40D, bssid = c4:6e:1f:9c:f0:ba[0m
[0;32mI (17120) wifi:security: WPA2-PSK, phy: bgn, rssi: -51[0m
[0;32mI (17120) wifi:pm start, type: 1[0m

[0;32mI (17120) wifi:dp: 1, bi: 102400, li: 3, scale listen interval from 307200 us to 307200 us[0m
[0;32mI (17180) wifi:AP's beacon interval = 102400 us, DTIM period = 1[0m
[0;32mI (18130) esp_netif_handlers: sta ip: 192.168.1.102, mask: 255.255.255.0, gw: 192.168.1.1[0m
[0;32mI (22070) GATTS_DEMO: ðŸ”„ Gá»­i dá»¯ liá»‡u lÃªn Firebase...[0m
[0;32mI (22100) wifi:<ba-add>idx:0 (ifx:0, c4:6e:1f:9c:f0:ba), tid:0, ssn:0, winSize:64[0m
[0;31mE (22240) esp-tls-mbedtls: mbedtls_x509_crt_parse of CA cert returned -0x2180[0m
[0;31mE (22240) esp-tls-mbedtls: Failed to se
***ERROR*** A stack overflow in task BTC_TASK has been detected.


Backtrace: 0x40081b46:0x3ffcd350 0x4009013d:0x3ffcd370 0x40091086:0x3ffcd390 0x400923bf:0x3ffcd410 0x40091190:0x3ffcd430 0x40091142:0xa5a5a5a5 |<-CORRUPTED




ELF file SHA256: 690180497

Rebooting...
ets Jul 29 2019 12:21:46

rst:0xc (SW_CPU_RESET),boot:0x13 (SPI_FAST_FLASH_BOOT)
configsip: 0, SPIWP:0xee
clk_drv:0x00,q_drv:0x00,d_drv:0x00,cs0_drv:0x00,hd_drv:0x00,wp_drv:0x00
mode:DIO, clock div:2
load:0x3fff0030,len:7176
load:0x40078000,len:15564
ho 0 tail 12 room 4
load:0x40080400,len:4
load:0x40080404,len:3904
entry 0x40080640
[0;32mI (31) boot: ESP-IDF v5.3.2-dirty 2nd stage bootloader[0m
[0;32mI (31) boot: compile time May 15 2025 23:48:23[0m
[0;32mI (31) boot: Multicore bootloader[0m
[0;32mI (36) boot: chip revision: v3.1[0m
[0;32mI (40) boot.esp32: SPI Speed      : 40MHz[0m
[0;32mI (44) boot.esp32: SPI Mode       : DIO[0m
[0;32mI (49) boot.esp32: SPI Flash Size : 2MB[0m
[0;32mI (53) boot: Enabling RNG early entropy source...[0m
[0;32mI (59) boot: Partition Table:[0m
[0;32mI (62) boot: ## Label            Usage          Type ST Offset   Length[0m
[0;32mI (70) boot:  0 nvs              WiFi data        01 02 00009000 00005000[0m
[0;32mI (77) boot:  1 otadata          OTA data         01 00 0000e000 00002000[0m
[0;32mI (85) boot:  2 factory          factory app      00 00 00010000 00180000[0m
[0;32mI (92) boot:  3 storage          Unknown data     01 82 00190000 00060000[0m
[0;32mI (100) boot: End of partition table[0m
[0;32mI (104) boot: Defaulting to factory image[0m
[0;32mI (108) esp_image: segment 0: paddr=00010020 vaddr=3f400020 size=3864ch (230988) map[0m
[0;32mI (196) esp_image: segment 1: paddr=00048674 vaddr=3ffbdb60 size=05d94h ( 23956) load[0m
[0;32mI (205) esp_image: segment 2: paddr=0004e410 vaddr=40080000 size=01c08h (  7176) load[0m
[0;32mI (208) esp_image: segment 3: paddr=00050020 vaddr=400d0020 size=fa068h (1024104) map[0m
[0;32mI (564) esp_image: segment 4: paddr=0014a090 vaddr=40081c08 size=1ccfch (118012) load[0m
[0;32mI (626) boot: Loaded app from partition at offset 0x10000[0m
[0;32mI (626) boot: Disabling RNG early entropy source...[0m
[0;32mI (638) cpu_start: Multicore app[0m
[0;32mI (646) cpu_start: Pro cpu start user code[0m
[0;32mI (647) cpu_start: cpu freq: 160000000 Hz[0m
[0;32mI (647) app_init: Application information:[0m
[0;32mI (649) app_init: Project name:     gatt_server_demos[0m
[0;32mI (655) app_init: App version:      v5.3.2-dirty[0m
[0;32mI (660) app_init: Compile time:     May 15 2025 23:48:12[0m
[0;32mI (666) app_init: ELF file SHA256:  690180497...[0m
[0;32mI (672) app_init: ESP-IDF:          v5.3.2-dirty[0m
[0;32mI (677) efuse_init: Min chip rev:     v0.0[0m
[0;32mI (682) efuse_init: Max chip rev:     v3.99 [0m
[0;32mI (687) efuse_init: Chip rev:         v3.1[0m
[0;32mI (692) heap_init: Initializing. RAM available for dynamic allocation:[0m
[0;32mI (699) heap_init: At 3FFAFF10 len 000000F0 (0 KiB): DRAM[0m
[0;32mI (705) heap_init: At 3FFB6388 len 00001C78 (7 KiB): DRAM[0m
[0;32mI (711) heap_init: At 3FFB9A20 len 00004108 (16 KiB): DRAM[0m
[0;32mI (717) heap_init: At 3FFCC0E0 len 00013F20 (79 KiB): DRAM[0m
[0;32mI (723) heap_init: At 3FFE0440 len 00003AE0 (14 KiB): D/IRAM[0m
[0;32mI (730) heap_init: At 3FFE4350 len 0001BCB0 (111 KiB): D/IRAM[0m
[0;32mI (736) heap_init: At 4009E904 len 000016FC (5 KiB): IRAM[0m
[0;32mI (744) spi_flash: detected chip: generic[0m
[0;32mI (747) spi_flash: flash io: dio[0m
[0;33mW (751) spi_flash: Detected size(4096k) larger than the size in the binary image header(2048k). Using the size in the binary image header.[0m
[0;32mI (765) coexist: coex firmware version: cbb41d7[0m
[0;32mI (770) main_task: Started on CPU0[0m
[0;32mI (780) main_task: Calling app_main()[0m
[0;32mI (800) BTDM_INIT: BT controller compile version [faadb75][0m
[0;32mI (810) BTDM_INIT: Bluetooth MAC: 08:d1:f9:27:d9:b6[0m
[0;32mI (810) phy_init: phy_version 4840,02e0d70,Sep  2 2024,19:39:07[0m
[0;33mW (890) phy_init: saving new calibration data because of checksum failure, mode(0)[0m
[0;32mI (1260) GATTS_DEMO: GATT server register, status 0, app_id 0, gatts_if 3[0m
[0;32mI (1270) main_task: Returned from app_main()[0m
[0;32mI (1270) GATTS_DEMO: Service create, status 0, service_handle 40[0m
[0;32mI (1270) GATTS_DEMO: GATT server register, status 0, app_id 1, gatts_if 4[0m
[0;32mI (1280) GATTS_DEMO: GATT server register, status 0, app_id 2, gatts_if 5[0m
[0;32mI (1300) GATTS_DEMO: Advertising start successfully[0m
[0;32mI (1300) GATTS_DEMO: Service start, status 0, service_handle 40[0m
[0;32mI (1300) GATTS_DEMO: Characteristic add, status 0, attr_handle 42, service_handle 40[0m
[0;32mI (1310) GATTS_DEMO: the gatts demo char length = 3[0m
[0;32mI (1320) GATTS_DEMO: prf_char[0] =11[0m
[0;32mI (1320) GATTS_DEMO: prf_char[1] =22[0m
[0;32mI (1330) GATTS_DEMO: prf_char[2] =33[0m
[0;32mI (1330) GATTS_DEMO: Service create, status 0,  service_handle 44[0m
[0;32mI (1340) GATTS_DEMO: Service create, status 0,  service_handle 48[0m
[0;32mI (1350) GATTS_DEMO: Descriptor add, status 0, attr_handle 43, service_handle 40[0m
[0;32mI (1350) GATTS_DEMO: Service start, status 0, service_handle 44[0m
[0;32mI (1360) GATTS_DEMO: Characteristic add, status 0, attr_handle 46, service_handle 44[0m
[0;32mI (1370) GATTS_DEMO: Service start, status 0, service_handle 48[0m
[0;32mI (1370) GATTS_DEMO: Characteristic add, status 0, attr_handle 50, service_handle 48[0m
[0;32mI (1380) GATTS_DEMO: Descriptor add, status 0, attr_handle 47, service_handle 44[0m
[0;32mI (1390) GATTS_DEMO: Descriptor add, status 0, attr_handle 51, service_handle 48[0m
